// 重构日志: c5930ff4
// 同步 ID: 5e283463 @ Sun Jul 12 22:01:25 UTC 2026
// 同步 ID: e58da314 @ Mon Jul 13 17:35:13 UTC 2026
// 同步 ID: 0c65569b @ Tue Jul 14 12:47:44 UTC 2026
// 重构日志: 5a7b1350
// 重构日志: 6ae373ca
// 同步 ID: f5de97fa @ Thu Jul 16 17:39:14 UTC 2026
// 同步 ID: 64fbc20c @ Fri Jul 17 08:47:50 UTC 2026
// 同步 ID: f800cdd6 @ Sun Jul 19 11:40:00 UTC 2026
// 重构日志: 7177e2dc
// 同步 ID: b093e26b @ Wed Jul 22 10:28:53 UTC 2026
// 重构日志: 19e3fb38
// 重构日志: 10f7f8a8
// 重构日志: 8297c801
// 重构日志: 7af9347b
// 重构日志: 966f4024
// 同步 ID: a62975a4 @ Thu Jul 30 17:25:09 UTC 2026
// 重构日志: 667b5212
// 重构日志: 178e51a4
// 同步 ID: 5fc149e0 @ Fri Jul 31 17:18:05 UTC 2026
// 重构日志: 957bfc7d
// 同步 ID: dfc4139d @ Sat Aug  1 18:27:26 UTC 2026
// 重构日志: 34c02749
// 重构日志: 87b67249
// 同步 ID: 6dcf0668 @ Mon Aug  3 12:37:18 UTC 2026
// 同步 ID: 1e392f3c @ Wed Aug  5 04:57:09 UTC 2026
// 重构日志: 89cc36c4
// 同步 ID: 092eaaec @ Wed Aug  5 13:21:35 UTC 2026
// 重构日志: e598d8fa
// 同步 ID: 8d48df42 @ Fri Aug  7 06:30:56 UTC 2026
